{
  "exclude": {
    "files": "^.secrets.baseline$",
    "lines": null
  },
  "generated_at": "2026-10-06T04:53:25Z",
  "plugins_used": [
    {
      "name": "AWSKeyDetector"
    },
    {
      "name": "ArtifactoryDetector"
    },
    {
      "base64_limit": 4.5,
      "name": "Base64HighEntropyString"
    },
    {
      "name": "BasicAuthDetector"
    },
    {
      "name": "BoxDetector"
    },
    {
      "name": "CloudantDetector"
    },
    {
      "ghe_instance": "github.ibm.com",
      "name": "GheDetector"
    },
    {
      "hex_limit": 3,
      "name": "HexHighEntropyString"
    },
    {
      "name": "IbmCloudIamDetector"
    },
    {
      "name": "IbmCosHmacDetector"
    },
    {
      "name": "JwtTokenDetector"
    },
    {
      "keyword_exclude": null,
      "name": "KeywordDetector"
    },
    {
      "name": "MailchimpDetector"
    },
    {
      "name": "PrivateKeyDetector"
    },
    {
      "name": "SlackDetector"
    },
    {
      "name": "SoftlayerDetector"
    },
    {
      "name": "StripeDetector"
    },
    {
      "name": "TwilioKeyDetector"
    }
  ],
  "results": {
    ".github/workflows/publish.yaml": [
      {
        "hashed_secret": "b8fb27ac44ff8a4d5237588af39c5fb65bbedc3f",
        "is_secret": false,
        "is_verified": false,
        "line_number": 34,
        "type": "Secret Keyword",
        "verified_result": null
      }
    ],
    "README.md": [
      {
        "hashed_secret": "32e8612d8ca77c7ea8374aa7918db8e5df9252ed",
        "is_secret": false,
        "is_verified": false,
        "line_number": 104,
        "type": "Secret Keyword",
        "verified_result": null
      }
    ],
    "modules/schematics/src/test/java/com/ibm/cloud/schematics/v1/SchematicsTest.java": [
      {
        "hashed_secret": "27c6929aef41ae2bcadac15ca6abcaff72cda9cd",
        "is_secret": false,
        "is_verified": false,
        "line_number": 4807,
        "type": "Private Key",
        "verified_result": null
      }
    ],
    "modules/schematics/src/test/java/com/ibm/cloud/schematics/v1/model/ActionTest.java": [
      {
        "hashed_secret": "27c6929aef41ae2bcadac15ca6abcaff72cda9cd",
        "is_secret": false,
        "is_verified": false,
        "line_number": 153,
        "type": "Private Key",
        "verified_result": null
      }
    ],
    "modules/schematics/src/test/java/com/ibm/cloud/schematics/v1/model/CreateActionOptionsTest.java": [
      {
        "hashed_secret": "27c6929aef41ae2bcadac15ca6abcaff72cda9cd",
        "is_secret": false,
        "is_verified": false,
        "line_number": 153,
        "type": "Private Key",
        "verified_result": null
      }
    ],
    "modules/schematics/src/test/java/com/ibm/cloud/schematics/v1/model/CreateInventoryOptionsTest.java": [
      {
        "hashed_secret": "27c6929aef41ae2bcadac15ca6abcaff72cda9cd",
        "is_secret": false,
        "is_verified": false,
        "line_number": 77,
        "type": "Private Key",
        "verified_result": null
      }
    ],
    "modules/schematics/src/test/java/com/ibm/cloud/schematics/v1/model/CreateJobOptionsTest.java": [
      {
        "hashed_secret": "27c6929aef41ae2bcadac15ca6abcaff72cda9cd",
        "is_secret": false,
        "is_verified": false,
        "line_number": 323,
        "type": "Private Key",
        "verified_result": null
      }
    ],
    "modules/schematics/src/test/java/com/ibm/cloud/schematics/v1/model/CredentialVariableDataTest.java": [
      {
        "hashed_secret": "27c6929aef41ae2bcadac15ca6abcaff72cda9cd",
        "is_secret": false,
        "is_verified": false,
        "line_number": 80,
        "type": "Private Key",
        "verified_result": null
      }
    ],
    "modules/schematics/src/test/java/com/ibm/cloud/schematics/v1/model/GroupTest.java": [
      {
        "hashed_secret": "27c6929aef41ae2bcadac15ca6abcaff72cda9cd",
        "is_secret": false,
        "is_verified": false,
        "line_number": 126,
        "type": "Private Key",
        "verified_result": null
      }
    ],
    "modules/schematics/src/test/java/com/ibm/cloud/schematics/v1/model/HostTest.java": [
      {
        "hashed_secret": "27c6929aef41ae2bcadac15ca6abcaff72cda9cd",
        "is_secret": false,
        "is_verified": false,
        "line_number": 73,
        "type": "Private Key",
        "verified_result": null
      }
    ],
    "modules/schematics/src/test/java/com/ibm/cloud/schematics/v1/model/InventoryResourceRecordTest.java": [
      {
        "hashed_secret": "27c6929aef41ae2bcadac15ca6abcaff72cda9cd",
        "is_secret": false,
        "is_verified": false,
        "line_number": 77,
        "type": "Private Key",
        "verified_result": null
      }
    ],
    "modules/schematics/src/test/java/com/ibm/cloud/schematics/v1/model/InventoryViewTest.java": [
      {
        "hashed_secret": "27c6929aef41ae2bcadac15ca6abcaff72cda9cd",
        "is_secret": false,
        "is_verified": false,
        "line_number": 127,
        "type": "Private Key",
        "verified_result": null
      }
    ],
    "modules/schematics/src/test/java/com/ibm/cloud/schematics/v1/model/JobDataActionTest.java": [
      {
        "hashed_secret": "27c6929aef41ae2bcadac15ca6abcaff72cda9cd",
        "is_secret": false,
        "is_verified": false,
        "line_number": 131,
        "type": "Private Key",
        "verified_result": null
      }
    ],
    "modules/schematics/src/test/java/com/ibm/cloud/schematics/v1/model/JobDataTest.java": [
      {
        "hashed_secret": "27c6929aef41ae2bcadac15ca6abcaff72cda9cd",
        "is_secret": false,
        "is_verified": false,
        "line_number": 177,
        "type": "Private Key",
        "verified_result": null
      }
    ],
    "modules/schematics/src/test/java/com/ibm/cloud/schematics/v1/model/JobTest.java": [
      {
        "hashed_secret": "27c6929aef41ae2bcadac15ca6abcaff72cda9cd",
        "is_secret": false,
        "is_verified": false,
        "line_number": 323,
        "type": "Private Key",
        "verified_result": null
      }
    ],
    "modules/schematics/src/test/java/com/ibm/cloud/schematics/v1/model/ReplaceInventoryOptionsTest.java": [
      {
        "hashed_secret": "27c6929aef41ae2bcadac15ca6abcaff72cda9cd",
        "is_secret": false,
        "is_verified": false,
        "line_number": 77,
        "type": "Private Key",
        "verified_result": null
      }
    ],
    "modules/schematics/src/test/java/com/ibm/cloud/schematics/v1/model/UpdateActionOptionsTest.java": [
      {
        "hashed_secret": "27c6929aef41ae2bcadac15ca6abcaff72cda9cd",
        "is_secret": false,
        "is_verified": false,
        "line_number": 153,
        "type": "Private Key",
        "verified_result": null
      }
    ],
    "modules/schematics/src/test/java/com/ibm/cloud/schematics/v1/model/UpdateJobOptionsTest.java": [
      {
        "hashed_secret": "27c6929aef41ae2bcadac15ca6abcaff72cda9cd",
        "is_secret": false,
        "is_verified": false,
        "line_number": 323,
        "type": "Private Key",
        "verified_result": null
      }
    ]
  },
  "version": "0.13.1+ibm.64.dss",
  "word_list": {
    "file": null,
    "hash": null
  }
}
